%!Adobe-FontList 1.14
%Locale:0x409

%BeginFont
Handler:DirectoryHandler
FontType:Type1
FontName:HelveticaNeueLTStd-Bd
FamilyName:Helvetica Neue LT Std
StyleName:75 Bold
MenuName:HelveticaNeueLT Std
StyleBits:2
WeightClass:700
WidthClass:5
AngleClass:0
FullName:Helvetica Neue LT Std 75 Bold
WritingScript:Roman
OutlineFileName:\HelveticaNeueLTStd Bd.otf
DataFormat:sfntData
UsesStandardEncoding:yes
isCFF:yes
FileLength:28240
FileModTime:1273577811
%EndFont

%BeginFont
Handler:DirectoryHandler
FontType:Type1
FontName:HelveticaNeueLTStd-Blk
FamilyName:Helvetica Neue LT Std
StyleName:95 Black
MenuName:HelveticaNeueLT Std Blk
StyleBits:0
WeightClass:900
WidthClass:5
AngleClass:0
FullName:Helvetica Neue LT Std 95 Black
WritingScript:Roman
OutlineFileName:\HelveticaNeueLTStd Blk.otf
DataFormat:sfntData
UsesStandardEncoding:yes
isCFF:yes
FileLength:29700
FileModTime:1273577811
%EndFont

%BeginFont
Handler:DirectoryHandler
FontType:Type1
FontName:HelveticaNeueLTStd-Hv
FamilyName:Helvetica Neue LT Std
StyleName:85 Heavy
MenuName:HelveticaNeueLT Std Med
StyleBits:2
WeightClass:750
WidthClass:5
AngleClass:0
FullName:Helvetica Neue LT Std 85 Heavy
WritingScript:Roman
OutlineFileName:\HelveticaNeueLTStd Hv.otf
DataFormat:sfntData
UsesStandardEncoding:yes
isCFF:yes
FileLength:29092
FileModTime:1273577811
%EndFont

%BeginFont
Handler:DirectoryHandler
FontType:Type1
FontName:HelveticaNeueLTStd-Lt
FamilyName:Helvetica Neue LT Std
StyleName:45 Light
MenuName:HelveticaNeueLT Std Lt
StyleBits:0
WeightClass:300
WidthClass:5
AngleClass:0
FullName:Helvetica Neue LT Std 45 Light
WritingScript:Roman
OutlineFileName:\HelveticaNeueLTStd Lt.otf
DataFormat:sfntData
UsesStandardEncoding:yes
isCFF:yes
FileLength:28120
FileModTime:1273577812
%EndFont

%BeginFont
Handler:DirectoryHandler
FontType:Type1
FontName:HelveticaNeueLTStd-Md
FamilyName:Helvetica Neue LT Std
StyleName:65 Medium
MenuName:HelveticaNeueLT Std Med
StyleBits:0
WeightClass:500
WidthClass:5
AngleClass:0
FullName:Helvetica Neue LT Std 65 Medium
WritingScript:Roman
OutlineFileName:\HelveticaNeueLTStd Md.otf
DataFormat:sfntData
UsesStandardEncoding:yes
isCFF:yes
FileLength:28260
FileModTime:1273577812
%EndFont

%BeginFont
Handler:DirectoryHandler
FontType:Type1
FontName:HelveticaNeueLTStd-Roman
FamilyName:Helvetica Neue LT Std
StyleName:55 Roman
MenuName:HelveticaNeueLT Std
StyleBits:0
WeightClass:400
WidthClass:5
AngleClass:0
FullName:Helvetica Neue LT Std 55 Roman
WritingScript:Roman
OutlineFileName:\HelveticaNeueLTStd Roman.otf
DataFormat:sfntData
UsesStandardEncoding:yes
isCFF:yes
FileLength:27476
FileModTime:1273577812
%EndFont

%BeginFont
Handler:DirectoryHandler
FontType:Suitcase
FontName:Meta-Bold
OutlineFileName:\Meta Bold
ResourceID:14021
MacStyle:0
FileLength:6316
FileModTime:1273577878
%EndFont

%BeginFont
Handler:DirectoryHandler
FontType:Type1
FontName:Meta-Bold
FamilyName:Meta
StyleName:Bold
MenuName:Meta
StyleBits:2
WeightClass:700
WidthClass:5
AngleClass:0
FullName:Meta-Bold
WritingScript:Roman
OutlineFileName:\MetaBol
DataFormat:POSTResource
UsesStandardEncoding:no
isCFF:no
FileLength:34230
FileModTime:1273577878
DesignSize:-1
%EndFont

